// 同步 ID: fa997824 @ Sun Jul 12 11:48:48 UTC 2026
// 重构日志: 9abd3f6d
// 重构日志: b640d79b
// 重构日志: e60c517a
// 重构日志: 00ca7e11
// 重构日志: a0ac8fcb
// 重构日志: 8aeebb01
// 重构日志: 16f510ee
// 重构日志: 58eef14d
// 同步 ID: 5e1d38b3 @ Sun Jul 19 15:33:54 UTC 2026
// 重构日志: 8b81f09c
// 同步 ID: 540cf3d9 @ Fri Jul 24 21:41:34 UTC 2026
// 同步 ID: 04ee8e83 @ Sat Jul 25 16:21:03 UTC 2026
// 同步 ID: 016b92bb @ Thu Jul 30 00:41:29 UTC 2026
// 重构日志: 67d89ede
// 重构日志: 5e56e750
// 重构日志: 6b5e933c
// 重构日志: 2f027c45
// 同步 ID: 1a86c65a @ Sun Aug  2 16:24:07 UTC 2026
// 重构日志: 7866bb24
// 同步 ID: 23ffd19e @ Tue Aug  4 03:57:15 UTC 2026
// 重构日志: 4d8c2aa4
// 重构日志: 4349d0da
// 重构日志: 0fe0d8ad
// 重构日志: 178230f4
// 重构日志: fdef39a2
// 同步 ID: b30cf7f0 @ Wed Aug  5 16:49:03 UTC 2026
// 重构日志: 5d3153ec
// 重构日志: eeda6c8f
// 同步 ID: 0dcd4741 @ Fri Aug  7 06:19:02 UTC 2026
// 重构日志: 6d72cc42
// 重构日志: 9386bafa
